// Jest Snapshot v1, https://goo.gl/fbAQLP

exports[`Instrument list page instrument list page matches Snapshot 1`] = `
Object {
  "asFragment": [Function],
  "baseElement": <body>
    <div>
      <div>
        <div
          class="ons-u-mt-m"
        >
          <div
            class="ons-u-mt-s"
          >
            <table
              class="ons-table"
              id="instrument-table"
            >
              <thead
                class="ons-table__head"
              >
                <tr
                  class="ons-table__row"
                >
                  <th
                    class="ons-table__header"
                    scope="col"
                  >
                    Questionnaire name
                  </th>
                  <th
                    class="ons-table__header"
                    scope="col"
                  >
                    CSV file
                  </th>
                </tr>
              </thead>
              <tbody
                class="ons-table__body"
              >
                <tr
                  class="ons-table__row "
                  data-testid="instrument-table-row"
                >
                  <td
                    class="ons-table__cell"
                    style="padding: 1rem;"
                  >
                    OPN2101A
                  </td>
                  <td
                    class="ons-table__cell"
                  >
                    <div
                      role="button"
                      tabindex="0"
                    >
                      <button
                        class="ons-btn  ons-btn--small"
                        data-testid="button"
                        type="button"
                      >
                        <span
                          class="ons-btn__inner"
                        >
                          Download
                        </span>
                      </button>
                    </div>
                  </td>
                </tr>
                <tr
                  class="ons-table__row "
                  data-testid="instrument-table-row"
                >
                  <td
                    class="ons-table__cell"
                    style="padding: 1rem;"
                  >
                    DST1345A
                  </td>
                  <td
                    class="ons-table__cell"
                  >
                    <div
                      role="button"
                      tabindex="0"
                    >
                      <button
                        class="ons-btn  ons-btn--small"
                        data-testid="button"
                        type="button"
                      >
                        <span
                          class="ons-btn__inner"
                        >
                          Download
                        </span>
                      </button>
                    </div>
                  </td>
                </tr>
                <tr
                  class="ons-table__row "
                  data-testid="instrument-table-row"
                >
                  <td
                    class="ons-table__cell"
                    style="padding: 1rem;"
                  >
                    DST5643A
                  </td>
                  <td
                    class="ons-table__cell"
                  >
                    <div
                      role="button"
                      tabindex="0"
                    >
                      <button
                        class="ons-btn  ons-btn--small"
                        data-testid="button"
                        type="button"
                      >
                        <span
                          class="ons-btn__inner"
                        >
                          Download
                        </span>
                      </button>
                    </div>
                  </td>
                </tr>
              </tbody>
            </table>
          </div>
        </div>
      </div>
    </div>
  </body>,
  "container": <div>
    <div>
      <div
        class="ons-u-mt-m"
      >
        <div
          class="ons-u-mt-s"
        >
          <table
            class="ons-table"
            id="instrument-table"
          >
            <thead
              class="ons-table__head"
            >
              <tr
                class="ons-table__row"
              >
                <th
                  class="ons-table__header"
                  scope="col"
                >
                  Questionnaire name
                </th>
                <th
                  class="ons-table__header"
                  scope="col"
                >
                  CSV file
                </th>
              </tr>
            </thead>
            <tbody
              class="ons-table__body"
            >
              <tr
                class="ons-table__row "
                data-testid="instrument-table-row"
              >
                <td
                  class="ons-table__cell"
                  style="padding: 1rem;"
                >
                  OPN2101A
                </td>
                <td
                  class="ons-table__cell"
                >
                  <div
                    role="button"
                    tabindex="0"
                  >
                    <button
                      class="ons-btn  ons-btn--small"
                      data-testid="button"
                      type="button"
                    >
                      <span
                        class="ons-btn__inner"
                      >
                        Download
                      </span>
                    </button>
                  </div>
                </td>
              </tr>
              <tr
                class="ons-table__row "
                data-testid="instrument-table-row"
              >
                <td
                  class="ons-table__cell"
                  style="padding: 1rem;"
                >
                  DST1345A
                </td>
                <td
                  class="ons-table__cell"
                >
                  <div
                    role="button"
                    tabindex="0"
                  >
                    <button
                      class="ons-btn  ons-btn--small"
                      data-testid="button"
                      type="button"
                    >
                      <span
                        class="ons-btn__inner"
                      >
                        Download
                      </span>
                    </button>
                  </div>
                </td>
              </tr>
              <tr
                class="ons-table__row "
                data-testid="instrument-table-row"
              >
                <td
                  class="ons-table__cell"
                  style="padding: 1rem;"
                >
                  DST5643A
                </td>
                <td
                  class="ons-table__cell"
                >
                  <div
                    role="button"
                    tabindex="0"
                  >
                    <button
                      class="ons-btn  ons-btn--small"
                      data-testid="button"
                      type="button"
                    >
                      <span
                        class="ons-btn__inner"
                      >
                        Download
                      </span>
                    </button>
                  </div>
                </td>
              </tr>
            </tbody>
          </table>
        </div>
      </div>
    </div>
  </div>,
  "debug": [Function],
  "findAllByAltText": [Function],
  "findAllByDisplayValue": [Function],
  "findAllByLabelText": [Function],
  "findAllByPlaceholderText": [Function],
  "findAllByRole": [Function],
  "findAllByTestId": [Function],
  "findAllByText": [Function],
  "findAllByTitle": [Function],
  "findByAltText": [Function],
  "findByDisplayValue": [Function],
  "findByLabelText": [Function],
  "findByPlaceholderText": [Function],
  "findByRole": [Function],
  "findByTestId": [Function],
  "findByText": [Function],
  "findByTitle": [Function],
  "getAllByAltText": [Function],
  "getAllByDisplayValue": [Function],
  "getAllByLabelText": [Function],
  "getAllByPlaceholderText": [Function],
  "getAllByRole": [Function],
  "getAllByTestId": [Function],
  "getAllByText": [Function],
  "getAllByTitle": [Function],
  "getByAltText": [Function],
  "getByDisplayValue": [Function],
  "getByLabelText": [Function],
  "getByPlaceholderText": [Function],
  "getByRole": [Function],
  "getByTestId": [Function],
  "getByText": [Function],
  "getByTitle": [Function],
  "queryAllByAltText": [Function],
  "queryAllByDisplayValue": [Function],
  "queryAllByLabelText": [Function],
  "queryAllByPlaceholderText": [Function],
  "queryAllByRole": [Function],
  "queryAllByTestId": [Function],
  "queryAllByText": [Function],
  "queryAllByTitle": [Function],
  "queryByAltText": [Function],
  "queryByDisplayValue": [Function],
  "queryByLabelText": [Function],
  "queryByPlaceholderText": [Function],
  "queryByRole": [Function],
  "queryByTestId": [Function],
  "queryByText": [Function],
  "queryByTitle": [Function],
  "rerender": [Function],
  "unmount": [Function],
}
`;
